[2026-09-23 10:41:29,221: INFO: main: logging is implemented]
[2026-09-24 14:36:15,635: INFO: common: yaml file: config/config.yaml loaded successfully]
[2026-09-24 14:36:15,677: INFO: common: yaml file: params.yaml loaded successfully]
[2026-09-24 14:36:15,678: INFO: common: created directory at: artifacts]
[2026-09-24 14:36:15,679: INFO: common: created directory at: artifacts/data_ingestion]
[2026-09-24 14:36:16,834: INFO: 152520818: File downloaded! Info: 
Connection: close
Content-Length: 7903594
Cache-Control: max-age=300
Content-Security-Policy: default-src 'none'; style-src 'unsafe-inline'; sandbox
Content-Type: application/zip
ETag: "dbc016a060da18070593b83afff580c9b300f0b6ea4147a7988433e04df246ca"
Strict-Transport-Security: max-age=31536000
X-Content-Type-Options: nosniff
X-Frame-Options: deny
X-XSS-Protection: 1; mode=block
X-GitHub-Request-Id: EC44:29B438:14385:22974:6AB5355F
x-github-edge-region: uksouth
Accept-Ranges: bytes
Date: Thu, 24 Sep 2026 14:36:16 GMT
Via: 1.1 varnish
X-Served-By: cache-lhr-egll1980058-LHR
X-Cache: MISS
X-Cache-Hits: 0
X-Timer: S1790260576.399268,VS0,VE402
Vary: Authorization,Accept-Encoding
Access-Control-Allow-Origin: *
Cross-Origin-Resource-Policy: cross-origin
X-Fastly-Request-ID: b9fbfbe9e9253e6d182f9355e378acd9d9f99386
Expires: Thu, 24 Sep 2026 14:41:16 GMT
Source-Age: 0

]
[2026-09-24 14:36:16,984: INFO: 152520818: Extracted zip file to artifacts/data_ingestion]
[2026-09-24 14:37:44,113: INFO: common: yaml file: config/config.yaml loaded successfully]
[2026-09-24 14:37:44,115: INFO: common: yaml file: params.yaml loaded successfully]
[2026-09-24 14:37:44,118: INFO: common: created directory at: artifacts]
[2026-09-24 14:37:44,123: INFO: common: created directory at: artifacts/data_ingestion]
[2026-09-24 14:37:44,662: INFO: 152520818: File downloaded! Info: 
Connection: close
Content-Length: 7903594
Cache-Control: max-age=300
Content-Security-Policy: default-src 'none'; style-src 'unsafe-inline'; sandbox
Content-Type: application/zip
ETag: "dbc016a060da18070593b83afff580c9b300f0b6ea4147a7988433e04df246ca"
Strict-Transport-Security: max-age=31536000
X-Content-Type-Options: nosniff
X-Frame-Options: deny
X-XSS-Protection: 1; mode=block
X-GitHub-Request-Id: 4574:05DE:16002:2510B:6AB535B5
x-github-edge-region: uksouth
Accept-Ranges: bytes
Date: Thu, 24 Sep 2026 14:37:44 GMT
Via: 1.1 varnish
X-Served-By: cache-lcy-eglc8600063-LCY
X-Cache: MISS
X-Cache-Hits: 0
X-Timer: S1790260664.140967,VS0,VE482
Vary: Authorization,Accept-Encoding
Access-Control-Allow-Origin: *
Cross-Origin-Resource-Policy: cross-origin
X-Fastly-Request-ID: c32f4dd1a47a823cdeb7b4162bd6fe9c48b62f46
Expires: Thu, 24 Sep 2026 14:42:44 GMT
Source-Age: 0

]
[2026-09-24 14:37:44,778: INFO: 152520818: Extracted zip file to artifacts/data_ingestion]
[2026-09-25 09:40:34,086: INFO: main: stage Data Ingestion Stage started]
[2026-09-25 09:40:34,087: INFO: common: yaml file: config/config.yaml loaded successfully]
[2026-09-25 09:40:34,088: INFO: common: yaml file: params.yaml loaded successfully]
[2026-09-25 09:40:34,088: INFO: common: created directory at: artifacts]
[2026-09-25 09:40:34,088: INFO: common: created directory at: artifacts/data_ingestion]
[2026-09-25 09:40:34,088: INFO: data_ingestion: File already exists]
[2026-09-25 09:40:34,790: INFO: data_ingestion: Extracted zip file to artifacts/data_ingestion]
[2026-09-25 09:40:34,790: INFO: main: stage Data Ingestion Stage completed]
